[33mΓ¥»[39m Building...
[32mΓ£ö[39m Building...
[1mInitial chunk files[22m[2m | [22m[1mNames[22m                       [2m | [22m [1mRaw size[22m
[32mchunk-3FZACCDG.js[39m  [2m | [22m[2m-[22m                           [2m | [22m[36m866.58 kB[39m[2m | [22m
[32mstyles.css[39m         [2m | [22m[2mstyles[22m                      [2m | [22m[36m580.85 kB[39m[2m | [22m
[32mchunk-A5GWTZRL.js[39m  [2m | [22m[2m-[22m                           [2m | [22m[36m346.56 kB[39m[2m | [22m
[32mchunk-FVKGBTCQ.js[39m  [2m | [22m[2m-[22m                           [2m | [22m[36m214.48 kB[39m[2m | [22m
[32mchunk-4LIIOW5S.js[39m  [2m | [22m[2m-[22m                           [2m | [22m[36m178.24 kB[39m[2m | [22m
[32mpolyfills.js[39m       [2m | [22m[2mpolyfills[22m                   [2m | [22m [36m89.77 kB[39m[2m | [22m
[32mmain.js[39m            [2m | [22m[2mmain[22m                        [2m | [22m [36m79.72 kB[39m[2m | [22m
[32mchunk-XIDEO55F.js[39m  [2m | [22m[2m-[22m                           [2m | [22m  [36m6.23 kB[39m[2m | [22m
[32mchunk-CXQ3WOGZ.js[39m  [2m | [22m[2m-[22m                           [2m | [22m  [36m4.97 kB[39m[2m | [22m

[1m [22m                  [2m | [22m[1mInitial total[22m               [2m | [22m  [1m2.37 MB[22m

[1mLazy chunk files[22m   [2m | [22m[1mNames[22m                       [2m | [22m [1mRaw size[22m
[32mchunk-SCXBVZ3Y.js[39m  [2m | [22m[2m-[22m                           [2m | [22m  [36m3.38 MB[39m[2m | [22m
[32mchunk-A6F5FCF6.js[39m  [2m | [22m[2mbao-cao-ke-hoach-component[22m  [2m | [22m  [36m1.41 MB[39m[2m | [22m
[32mchunk-3X7B7ZYV.js[39m  [2m | [22m[2mbrowser[22m                     [2m | [22m[36m154.81 kB[39m[2m | [22m
[32mchunk-H4N27XWS.js[39m  [2m | [22m[2mtao-bao-cao-wizard-component[22m[2m | [22m[36m122.56 kB[39m[2m | [22m
[32mchunk-OPW6ZJZZ.js[39m  [2m | [22m[2mquan-ly-nguoi-dung-component[22m[2m | [22m [36m74.08 kB[39m[2m | [22m
[32mchunk-VNV4SVZ4.js[39m  [2m | [22m[2mquan-ly-chi-tieu-component[22m  [2m | [22m [36m70.67 kB[39m[2m | [22m
[32mchunk-QZO2CBV4.js[39m  [2m | [22m[2mquan-ly-vai-tro-component[22m   [2m | [22m [36m62.15 kB[39m[2m | [22m
[32mchunk-J7IQ3WNQ.js[39m  [2m | [22m[2mquan-ly-phien-ban-component[22m [2m | [22m [36m52.17 kB[39m[2m | [22m
[32mchunk-GB7LOAJF.js[39m  [2m | [22m[2mquan-ly-don-vi-component[22m    [2m | [22m [36m51.93 kB[39m[2m | [22m
[32mchunk-GSMS2EDY.js[39m  [2m | [22m[2mdanh-sach-bieu-mau-component[22m[2m | [22m [36m49.92 kB[39m[2m | [22m
[32mchunk-BXPAX3F3.js[39m  [2m | [22m[2m-[22m                           [2m | [22m [36m45.76 kB[39m[2m | [22m
[32mchunk-2RA7OSLV.js[39m  [2m | [22m[2mthiet-ke-bieu-mau-component[22m [2m | [22m [36m44.97 kB[39m[2m | [22m
[32mchunk-Z3BFMROS.js[39m  [2m | [22m[2mhop-thu-duyet-component[22m     [2m | [22m [36m38.03 kB[39m[2m | [22m
[32mchunk-U5ESVPBQ.js[39m  [2m | [22m[2mdanh-sach-ho-so-component[22m   [2m | [22m [36m30.77 kB[39m[2m | [22m
[32mchunk-D2KBQMFC.js[39m  [2m | [22m[2mdashboard-component[22m         [2m | [22m [36m28.37 kB[39m[2m | [22m
[2m...and 10 more lazy chunks files. Use "--verbose" to show all the files.[22m

Application bundle generation complete. [4.301 seconds]

npx : [1m[33m[33mΓû▓ [43;33m[[43;30mWARNING[43;33m][0m [1mNG8107: The left side of this optional chain operation does not include 'null' or 'undefined' in its type, therefore the '?.' operator can be replaced with the '.' operator.[0m [1m[35m[plugin angular-compiler][0m
At line:1 char:1
+ npx ng build --configuration development 2>&1 | Out-String -Width 500 ...
+ ~~~~~~~~~~~~~~~~~~~~~~~~~~~~~~~~~~~~~~~~~~~~~
    + CategoryInfo          : NotSpecified: ([1m[33m[33mΓ...r-compiler][0m    :String) [], RemoteException
    + FullyQualifiedErrorId : NativeCommandError
 

    src/app/features/form-designer/pages/form-builder/thiet-ke-bieu-mau.component.html:148:69:
[37m      148 Γöé ...="info-value">{{ bieuMau()!.layoutConfig?.[32mtype[37m || 'N/A' }}</span>
          Γò╡                                              [32m~~~~[0m

  Error occurs in the template of component ThietKeBieuMauComponent.

    src/app/features/form-designer/pages/form-builder/thiet-ke-bieu-mau.component.ts:25:17:
[37m      25 Γöé     templateUrl: [32m'./thiet-ke-bieu-mau.component.html'[37m,
         Γò╡                  [32m~~~~~~~~~~~~~~~~~~~~~~~~~~~~~~~~~~~~[0m


[33mΓû▓ [43;33m[[43;30mWARNING[43;33m][0m [1mNG8107: The left side of this optional chain operation does not include 'null' or 'undefined' in its type, therefore the '?.' operator can be replaced with the '.' operator.[0m [1m[35m[plugin angular-compiler][0m

    src/app/features/form-designer/pages/form-builder/thiet-ke-bieu-mau.component.html:160:69:
[37m      160 Γöé ...e">{{ bieuMau()!.layoutConfig?.[32mfreezeColumns[37m ?? 0 }} cß╗Öt</span>
          Γò╡                                   [32m~~~~~~~~~~~~~[0m

  Error occurs in the template of component ThietKeBieuMauComponent.

    src/app/features/form-designer/pages/form-builder/thiet-ke-bieu-mau.component.ts:25:17:
[37m      25 Γöé     templateUrl: [32m'./thiet-ke-bieu-mau.component.html'[37m,
         Γò╡                  [32m~~~~~~~~~~~~~~~~~~~~~~~~~~~~~~~~~~~~[0m


[33mΓû▓ [43;33m[[43;30mWARNING[43;33m][0m [1mNG8107: The left side of this optional chain operation does not include 'null' or 'undefined' in its type, therefore the '?.' operator can be replaced with the '.' operator.[0m [1m[35m[plugin angular-compiler][0m

    src/app/features/form-designer/pages/template-list/danh-sach-bieu-mau.component.html:52:64:
[37m      52 Γöé ...  <i class="pi pi-table"></i> {{ bm.layoutConfig?.[32mtype[37m || 'N/A' }}
         Γò╡                                                      [32m~~~~[0m

  Error occurs in the template of component DanhSachBieuMauComponent.

    src/app/features/form-designer/pages/template-list/danh-sach-bieu-mau.component.ts:20:17:
[37m      20 Γöé     templateUrl: [32m'./danh-sach-bieu-mau.component.html'[37m,
         Γò╡                  [32m~~~~~~~~~~~~~~~~~~~~~~~~~~~~~~~~~~~~~[0m


[33mΓû▓ [43;33m[[43;30mWARNING[43;33m][0m [1mDeprecation[0m [1m[35m[plugin angular-sass][0m

    src/app/features/system-admin/pages/quan-ly-nguoi-dung.component.scss:60:26:
[37m      60 Γöé     box-shadow: 0 0 0 3px [32m[37mtransparentize($primary, 0.9);
         Γò╡                           [32m^[0m


  Global built-in functions are deprecated and will be removed in Dart Sass 3.0.0.
  Use color.adjust instead.
  
  More info and automated migrator: [4mhttps://sass-lang.com/d/import[0m


[33mΓû▓ [43;33m[[43;30mWARNING[43;33m][0m [1mDeprecation[0m [1m[35m[plugin angular-sass][0m

    src/app/features/system-admin/pages/quan-ly-nguoi-dung.component.scss:60:26:
[37m      60 Γöé     box-shadow: 0 0 0 3px [32m[37mtransparentize($primary, 0.9);
         Γò╡                           [32m^[0m


  transparentize() is deprecated. Suggestions:
  
  color.scale($color, $alpha: -90%)
  color.adjust($color, $alpha: -0.9)
  
  More info: [4mhttps://sass-lang.com/d/color-functions[0m


[33mΓû▓ [43;33m[[43;30mWARNING[43;33m][0m [1mDeprecation[0m [1m[35m[plugin angular-sass][0m

    src/app/features/system-admin/pages/quan-ly-nguoi-dung.component.scss:105:16:
[37m      105 Γöé     background: [32m[37mdarken($primary, 8%);
          Γò╡                 [32m^[0m


  Global built-in functions are deprecated and will be removed in Dart Sass 3.0.0.
  Use color.adjust instead.
  
  More info and automated migrator: [4mhttps://sass-lang.com/d/import[0m


[33mΓû▓ [43;33m[[43;30mWARNING[43;33m][0m [1mDeprecation[0m [1m[35m[plugin angular-sass][0m

    src/app/features/system-admin/pages/quan-ly-nguoi-dung.component.scss:105:16:
[37m      105 Γöé     background: [32m[37mdarken($primary, 8%);
          Γò╡                 [32m^[0m


  darken() is deprecated. Suggestions:
  
  color.scale($color, $lightness: -18.1333333333%)
  color.adjust($color, $lightness: -8%)
  
  More info: [4mhttps://sass-lang.com/d/color-functions[0m


[33mΓû▓ [43;33m[[43;30mWARNING[43;33m][0m [1mDeprecation[0m [1m[35m[plugin angular-sass][0m

    src/app/features/system-admin/pages/quan-ly-nguoi-dung.component.scss:124:16:
[37m      124 Γöé     background: [32m[37mdarken($primary, 8%);
          Γò╡                 [32m^[0m


  Global built-in functions are deprecated and will be removed in Dart Sass 3.0.0.
  Use color.adjust instead.
  
  More info and automated migrator: [4mhttps://sass-lang.com/d/import[0m


[33mΓû▓ [43;33m[[43;30mWARNING[43;33m][0m [1mDeprecation[0m [1m[35m[plugin angular-sass][0m

    src/app/features/system-admin/pages/quan-ly-nguoi-dung.component.scss:124:16:
[37m      124 Γöé     background: [32m[37mdarken($primary, 8%);
          Γò╡                 [32m^[0m


  darken() is deprecated. Suggestions:
  
  color.scale($color, $lightness: -18.1333333333%)
  color.adjust($color, $lightness: -8%)
  
  More info: [4mhttps://sass-lang.com/d/color-functions[0m


[33mΓû▓ [43;33m[[43;30mWARNING[43;33m][0m [1mDeprecation[0m [1m[35m[plugin angular-sass][0m

    src/app/features/system-admin/pages/quan-ly-nguoi-dung.component.scss:405:28:
[37m      405 Γöé       box-shadow: 0 0 0 3px [32m[37mtransparentize($primary, 0.9);
          Γò╡                             [32m^[0m


  Global built-in functions are deprecated and will be removed in Dart Sass 3.0.0.
  Use color.adjust instead.
  
  More info and automated migrator: [4mhttps://sass-lang.com/d/import[0m


[33mΓû▓ [43;33m[[43;30mWARNING[43;33m][0m [1mDeprecation[0m [1m[35m[plugin angular-sass][0m

    src/app/features/system-admin/pages/quan-ly-nguoi-dung.component.scss:405:28:
[37m      405 Γöé       box-shadow: 0 0 0 3px [32m[37mtransparentize($primary, 0.9);
          Γò╡                             [32m^[0m


  transparentize() is deprecated. Suggestions:
  
  color.scale($color, $alpha: -90%)
  color.adjust($color, $alpha: -0.9)
  
  More info: [4mhttps://sass-lang.com/d/color-functions[0m


[33mΓû▓ [43;33m[[43;30mWARNING[43;33m][0m [1mDeprecation[0m [1m[35m[plugin angular-sass][0m

    src/app/features/system-admin/pages/quan-ly-vai-tro.component.scss:60:26:
[37m      60 Γöé     box-shadow: 0 0 0 3px [32m[37mtransparentize($primary, 0.9);
         Γò╡                           [32m^[0m


  Global built-in functions are deprecated and will be removed in Dart Sass 3.0.0.
  Use color.adjust instead.
  
  More info and automated migrator: [4mhttps://sass-lang.com/d/import[0m


[33mΓû▓ [43;33m[[43;30mWARNING[43;33m][0m [1mDeprecation[0m [1m[35m[plugin angular-sass][0m

    src/app/features/system-admin/pages/quan-ly-vai-tro.component.scss:60:26:
[37m      60 Γöé     box-shadow: 0 0 0 3px [32m[37mtransparentize($primary, 0.9);
         Γò╡                           [32m^[0m


  transparentize() is deprecated. Suggestions:
  
  color.scale($color, $alpha: -90%)
  color.adjust($color, $alpha: -0.9)
  
  More info: [4mhttps://sass-lang.com/d/color-functions[0m


[33mΓû▓ [43;33m[[43;30mWARNING[43;33m][0m [1mDeprecation[0m [1m[35m[plugin angular-sass][0m

    src/app/features/system-admin/pages/quan-ly-vai-tro.component.scss:150:16:
[37m      150 Γöé     background: [32m[37mdarken($primary, 8%);
          Γò╡                 [32m^[0m


  Global built-in functions are deprecated and will be removed in Dart Sass 3.0.0.
  Use color.adjust instead.
  
  More info and automated migrator: [4mhttps://sass-lang.com/d/import[0m


[33mΓû▓ [43;33m[[43;30mWARNING[43;33m][0m [1mDeprecation[0m [1m[35m[plugin angular-sass][0m

    src/app/features/system-admin/pages/quan-ly-vai-tro.component.scss:150:16:
[37m      150 Γöé     background: [32m[37mdarken($primary, 8%);
          Γò╡                 [32m^[0m


  darken() is deprecated. Suggestions:
  
  color.scale($color, $lightness: -18.1333333333%)
  color.adjust($color, $lightness: -8%)
  
  More info: [4mhttps://sass-lang.com/d/color-functions[0m


[33mΓû▓ [43;33m[[43;30mWARNING[43;33m][0m [1mDeprecation[0m [1m[35m[plugin angular-sass][0m

    src/app/features/system-admin/pages/quan-ly-vai-tro.component.scss:169:16:
[37m      169 Γöé     background: [32m[37mdarken($primary, 8%);
          Γò╡                 [32m^[0m


  Global built-in functions are deprecated and will be removed in Dart Sass 3.0.0.
  Use color.adjust instead.
  
  More info and automated migrator: [4mhttps://sass-lang.com/d/import[0m


[33mΓû▓ [43;33m[[43;30mWARNING[43;33m][0m [1mDeprecation[0m [1m[35m[plugin angular-sass][0m

    src/app/features/system-admin/pages/quan-ly-vai-tro.component.scss:169:16:
[37m      169 Γöé     background: [32m[37mdarken($primary, 8%);
          Γò╡                 [32m^[0m


  darken() is deprecated. Suggestions:
  
  color.scale($color, $lightness: -18.1333333333%)
  color.adjust($color, $lightness: -8%)
  
  More info: [4mhttps://sass-lang.com/d/color-functions[0m


[33mΓû▓ [43;33m[[43;30mWARNING[43;33m][0m [1mDeprecation[0m [1m[35m[plugin angular-sass][0m

    src/app/features/system-admin/pages/quan-ly-vai-tro.component.scss:415:28:
[37m      415 Γöé       box-shadow: 0 0 0 3px [32m[37mtransparentize($primary, 0.9);
          Γò╡                             [32m^[0m


  Global built-in functions are deprecated and will be removed in Dart Sass 3.0.0.
  Use color.adjust instead.
  
  More info and automated migrator: [4mhttps://sass-lang.com/d/import[0m


[33mΓû▓ [43;33m[[43;30mWARNING[43;33m][0m [1mDeprecation[0m [1m[35m[plugin angular-sass][0m

    src/app/features/system-admin/pages/quan-ly-vai-tro.component.scss:415:28:
[37m      415 Γöé       box-shadow: 0 0 0 3px [32m[37mtransparentize($primary, 0.9);
          Γò╡                             [32m^[0m


  transparentize() is deprecated. Suggestions:
  
  color.scale($color, $alpha: -90%)
  color.adjust($color, $alpha: -0.9)
  
  More info: [4mhttps://sass-lang.com/d/color-functions[0m

[39m[22m
Output location: D:\EVN\KHTC\khtc-frontend\dist\khtc-frontend


